
=== Hot Reload Test Suite ===


≡ƒº¬ Running Test 1: Basic reload across 16 configurations...

≡ƒôï Testing configuration: EAGER_BASIC
   Config: {   "dir": "../api_tests/api_test",   "lazy": false,   "debug": false,   "hotReload": true }
   Γ£à PASSED: EAGER_BASIC

≡ƒôï Testing configuration: LAZY_BASIC
   Config: {   "dir": "../api_tests/api_test",   "lazy": true,   "debug": false,   "hotReload": true }
   Γ£à PASSED: LAZY_BASIC

≡ƒôï Testing configuration: EAGER_ALLOW_OVERWRITE
   Config: {   "dir": "../api_tests/api_test",   "lazy": false,   "allowApiOverwrite": true,   "debug": false,   "hotReload": true }
   Γ£à PASSED: EAGER_ALLOW_OVERWRITE

≡ƒôï Testing configuration: LAZY_ALLOW_OVERWRITE
   Config: {   "dir": "../api_tests/api_test",   "lazy": true,   "allowApiOverwrite": true,   "debug": false,   "hotReload": true }
   Γ£à PASSED: LAZY_ALLOW_OVERWRITE

≡ƒôï Testing configuration: EAGER_DENY_OVERWRITE
   Config: {   "dir": "../api_tests/api_test",   "lazy": false,   "allowApiOverwrite": false,   "debug": false,   "hotReload": true }
   Γ£à PASSED: EAGER_DENY_OVERWRITE

≡ƒôï Testing configuration: LAZY_DENY_OVERWRITE
   Config: {   "dir": "../api_tests/api_test",   "lazy": true,   "allowApiOverwrite": false,   "debug": false,   "hotReload": true }
   Γ£à PASSED: LAZY_DENY_OVERWRITE

≡ƒôï Testing configuration: EAGER_HOT_RELOAD
   Config: {   "dir": "../api_tests/api_test",   "lazy": false,   "hotReload": true,   "debug": false }
   Γ£à PASSED: EAGER_HOT_RELOAD

≡ƒôï Testing configuration: LAZY_HOT_RELOAD
   Config: {   "dir": "../api_tests/api_test",   "lazy": true,   "hotReload": true,   "debug": false }
   Γ£à PASSED: LAZY_HOT_RELOAD

≡ƒôï Testing configuration: EAGER_DEPTH_1
   Config: {   "dir": "../api_tests/api_test",   "lazy": false,   "apiDepth": 1,   "debug": false,   "hotReload": true }
   Γ£à PASSED: EAGER_DEPTH_1

≡ƒôï Testing configuration: LAZY_DEPTH_1
   Config: {   "dir": "../api_tests/api_test",   "lazy": true,   "apiDepth": 1,   "debug": false,   "hotReload": true }
   Γ£à PASSED: LAZY_DEPTH_1

≡ƒôï Testing configuration: EAGER_DEPTH_3
   Config: {   "dir": "../api_tests/api_test",   "lazy": false,   "apiDepth": 3,   "debug": false,   "hotReload": true }
   Γ£à PASSED: EAGER_DEPTH_3

≡ƒôï Testing configuration: LAZY_DEPTH_3
   Config: {   "dir": "../api_tests/api_test",   "lazy": true,   "apiDepth": 3,   "debug": false,   "hotReload": true }
   Γ£à PASSED: LAZY_DEPTH_3

≡ƒôï Testing configuration: EAGER_MIXED
   Config: {   "dir": "../api_tests/api_test_mixed",   "lazy": false,   "debug": false,   "hotReload": true }
   Γ£à PASSED: EAGER_MIXED

≡ƒôï Testing configuration: LAZY_MIXED
   Config: {   "dir": "../api_tests/api_test_mixed",   "lazy": true,   "debug": false,   "hotReload": true }
   Γ£à PASSED: LAZY_MIXED

≡ƒôï Testing configuration: LAZY_ALL_FEATURES
   Config: {   "dir": "../api_tests/api_test",   "lazy": true,   "allowApiOverwrite": false,   "apiDepth": 5,   "debug": false,   "hotReload": true }
   Γ£à PASSED: LAZY_ALL_FEATURES

≡ƒôï Testing configuration: EAGER_ALL_FEATURES
   Config: {   "dir": "../api_tests/api_test",   "lazy": false,   "allowApiOverwrite": false,   "apiDepth": 5,   "debug": false,   "hotReload": true }
   Γ£à PASSED: EAGER_ALL_FEATURES

≡ƒôè Test 1: Basic reload Summary:
   Total: 16
   Passed: 16
   Failed: 0
   Success Rate: 100.0%

≡ƒº¬ Running Test 2: Reload with addApi (with moduleId) across 16 configurations...

≡ƒôï Testing configuration: EAGER_BASIC
   Config: {   "dir": "../api_tests/api_test",   "lazy": false,   "debug": false,   "hotReload": true }
   Γ£à PASSED: EAGER_BASIC

≡ƒôï Testing configuration: LAZY_BASIC
   Config: {   "dir": "../api_tests/api_test",   "lazy": true,   "debug": false,   "hotReload": true }
   Γ£à PASSED: LAZY_BASIC

≡ƒôï Testing configuration: EAGER_ALLOW_OVERWRITE
   Config: {   "dir": "../api_tests/api_test",   "lazy": false,   "allowApiOverwrite": true,   "debug": false,   "hotReload": true }
   Γ£à PASSED: EAGER_ALLOW_OVERWRITE

≡ƒôï Testing configuration: LAZY_ALLOW_OVERWRITE
   Config: {   "dir": "../api_tests/api_test",   "lazy": true,   "allowApiOverwrite": true,   "debug": false,   "hotReload": true }
   Γ£à PASSED: LAZY_ALLOW_OVERWRITE

≡ƒôï Testing configuration: EAGER_DENY_OVERWRITE
   Config: {   "dir": "../api_tests/api_test",   "lazy": false,   "allowApiOverwrite": false,   "debug": false,   "hotReload": true }
   Γ£à PASSED: EAGER_DENY_OVERWRITE

≡ƒôï Testing configuration: LAZY_DENY_OVERWRITE
   Config: {   "dir": "../api_tests/api_test",   "lazy": true,   "allowApiOverwrite": false,   "debug": false,   "hotReload": true }
   Γ£à PASSED: LAZY_DENY_OVERWRITE

≡ƒôï Testing configuration: EAGER_HOT_RELOAD
   Config: {   "dir": "../api_tests/api_test",   "lazy": false,   "hotReload": true,   "debug": false }
   Γ£à PASSED: EAGER_HOT_RELOAD

≡ƒôï Testing configuration: LAZY_HOT_RELOAD
   Config: {   "dir": "../api_tests/api_test",   "lazy": true,   "hotReload": true,   "debug": false }
   Γ£à PASSED: LAZY_HOT_RELOAD

≡ƒôï Testing configuration: EAGER_DEPTH_1
   Config: {   "dir": "../api_tests/api_test",   "lazy": false,   "apiDepth": 1,   "debug": false,   "hotReload": true }
   Γ£à PASSED: EAGER_DEPTH_1

≡ƒôï Testing configuration: LAZY_DEPTH_1
   Config: {   "dir": "../api_tests/api_test",   "lazy": true,   "apiDepth": 1,   "debug": false,   "hotReload": true }
   Γ£à PASSED: LAZY_DEPTH_1

≡ƒôï Testing configuration: EAGER_DEPTH_3
   Config: {   "dir": "../api_tests/api_test",   "lazy": false,   "apiDepth": 3,   "debug": false,   "hotReload": true }
   Γ£à PASSED: EAGER_DEPTH_3

≡ƒôï Testing configuration: LAZY_DEPTH_3
   Config: {   "dir": "../api_tests/api_test",   "lazy": true,   "apiDepth": 3,   "debug": false,   "hotReload": true }
   Γ£à PASSED: LAZY_DEPTH_3

≡ƒôï Testing configuration: EAGER_MIXED
   Config: {   "dir": "../api_tests/api_test_mixed",   "lazy": false,   "debug": false,   "hotReload": true }
   Γ£à PASSED: EAGER_MIXED

≡ƒôï Testing configuration: LAZY_MIXED
   Config: {   "dir": "../api_tests/api_test_mixed",   "lazy": true,   "debug": false,   "hotReload": true }
   Γ£à PASSED: LAZY_MIXED

≡ƒôï Testing configuration: LAZY_ALL_FEATURES
   Config: {   "dir": "../api_tests/api_test",   "lazy": true,   "allowApiOverwrite": false,   "apiDepth": 5,   "debug": false,   "hotReload": true }
   Γ£à PASSED: LAZY_ALL_FEATURES

≡ƒôï Testing configuration: EAGER_ALL_FEATURES
   Config: {   "dir": "../api_tests/api_test",   "lazy": false,   "allowApiOverwrite": false,   "apiDepth": 5,   "debug": false,   "hotReload": true }
   Γ£à PASSED: EAGER_ALL_FEATURES

≡ƒôè Test 2: Reload with addApi (with moduleId) Summary:
   Total: 16
   Passed: 16
   Failed: 0
   Success Rate: 100.0%

≡ƒº¬ Running Test 3: Reload with addApi (without moduleId) across 16 configurations...

≡ƒôï Testing configuration: EAGER_BASIC
   Config: {   "dir": "../api_tests/api_test",   "lazy": false,   "debug": false,   "hotReload": true }
   Γ£à PASSED: EAGER_BASIC

≡ƒôï Testing configuration: LAZY_BASIC
   Config: {   "dir": "../api_tests/api_test",   "lazy": true,   "debug": false,   "hotReload": true }
   Γ£à PASSED: LAZY_BASIC

≡ƒôï Testing configuration: EAGER_ALLOW_OVERWRITE
   Config: {   "dir": "../api_tests/api_test",   "lazy": false,   "allowApiOverwrite": true,   "debug": false,   "hotReload": true }
   Γ£à PASSED: EAGER_ALLOW_OVERWRITE

≡ƒôï Testing configuration: LAZY_ALLOW_OVERWRITE
   Config: {   "dir": "../api_tests/api_test",   "lazy": true,   "allowApiOverwrite": true,   "debug": false,   "hotReload": true }
   Γ£à PASSED: LAZY_ALLOW_OVERWRITE

≡ƒôï Testing configuration: EAGER_DENY_OVERWRITE
   Config: {   "dir": "../api_tests/api_test",   "lazy": false,   "allowApiOverwrite": false,   "debug": false,   "hotReload": true }
   Γ£à PASSED: EAGER_DENY_OVERWRITE

≡ƒôï Testing configuration: LAZY_DENY_OVERWRITE
   Config: {   "dir": "../api_tests/api_test",   "lazy": true,   "allowApiOverwrite": false,   "debug": false,   "hotReload": true }
   Γ£à PASSED: LAZY_DENY_OVERWRITE

≡ƒôï Testing configuration: EAGER_HOT_RELOAD
   Config: {   "dir": "../api_tests/api_test",   "lazy": false,   "hotReload": true,   "debug": false }
   Γ£à PASSED: EAGER_HOT_RELOAD

≡ƒôï Testing configuration: LAZY_HOT_RELOAD
   Config: {   "dir": "../api_tests/api_test",   "lazy": true,   "hotReload": true,   "debug": false }
   Γ£à PASSED: LAZY_HOT_RELOAD

≡ƒôï Testing configuration: EAGER_DEPTH_1
   Config: {   "dir": "../api_tests/api_test",   "lazy": false,   "apiDepth": 1,   "debug": false,   "hotReload": true }
   Γ£à PASSED: EAGER_DEPTH_1

≡ƒôï Testing configuration: LAZY_DEPTH_1
   Config: {   "dir": "../api_tests/api_test",   "lazy": true,   "apiDepth": 1,   "debug": false,   "hotReload": true }
   Γ£à PASSED: LAZY_DEPTH_1

≡ƒôï Testing configuration: EAGER_DEPTH_3
   Config: {   "dir": "../api_tests/api_test",   "lazy": false,   "apiDepth": 3,   "debug": false,   "hotReload": true }
   Γ£à PASSED: EAGER_DEPTH_3

≡ƒôï Testing configuration: LAZY_DEPTH_3
   Config: {   "dir": "../api_tests/api_test",   "lazy": true,   "apiDepth": 3,   "debug": false,   "hotReload": true }
   Γ£à PASSED: LAZY_DEPTH_3

≡ƒôï Testing configuration: EAGER_MIXED
   Config: {   "dir": "../api_tests/api_test_mixed",   "lazy": false,   "debug": false,   "hotReload": true }
   Γ£à PASSED: EAGER_MIXED

≡ƒôï Testing configuration: LAZY_MIXED
   Config: {   "dir": "../api_tests/api_test_mixed",   "lazy": true,   "debug": false,   "hotReload": true }
   Γ£à PASSED: LAZY_MIXED

≡ƒôï Testing configuration: LAZY_ALL_FEATURES
   Config: {   "dir": "../api_tests/api_test",   "lazy": true,   "allowApiOverwrite": false,   "apiDepth": 5,   "debug": false,   "hotReload": true }
   Γ£à PASSED: LAZY_ALL_FEATURES

≡ƒôï Testing configuration: EAGER_ALL_FEATURES
   Config: {   "dir": "../api_tests/api_test",   "lazy": false,   "allowApiOverwrite": false,   "apiDepth": 5,   "debug": false,   "hotReload": true }
   Γ£à PASSED: EAGER_ALL_FEATURES

≡ƒôè Test 3: Reload with addApi (without moduleId) Summary:
   Total: 16
   Passed: 16
   Failed: 0
   Success Rate: 100.0%

≡ƒº¬ Running Test 4: Reload with removeApi across 16 configurations...

≡ƒôï Testing configuration: EAGER_BASIC
   Config: {   "dir": "../api_tests/api_test",   "lazy": false,   "debug": false,   "hotReload": true }
   Γ£à PASSED: EAGER_BASIC

≡ƒôï Testing configuration: LAZY_BASIC
   Config: {   "dir": "../api_tests/api_test",   "lazy": true,   "debug": false,   "hotReload": true }
   Γ£à PASSED: LAZY_BASIC

≡ƒôï Testing configuration: EAGER_ALLOW_OVERWRITE
   Config: {   "dir": "../api_tests/api_test",   "lazy": false,   "allowApiOverwrite": true,   "debug": false,   "hotReload": true }
   Γ£à PASSED: EAGER_ALLOW_OVERWRITE

≡ƒôï Testing configuration: LAZY_ALLOW_OVERWRITE
   Config: {   "dir": "../api_tests/api_test",   "lazy": true,   "allowApiOverwrite": true,   "debug": false,   "hotReload": true }
   Γ£à PASSED: LAZY_ALLOW_OVERWRITE

≡ƒôï Testing configuration: EAGER_DENY_OVERWRITE
   Config: {   "dir": "../api_tests/api_test",   "lazy": false,   "allowApiOverwrite": false,   "debug": false,   "hotReload": true }
   Γ£à PASSED: EAGER_DENY_OVERWRITE

≡ƒôï Testing configuration: LAZY_DENY_OVERWRITE
   Config: {   "dir": "../api_tests/api_test",   "lazy": true,   "allowApiOverwrite": false,   "debug": false,   "hotReload": true }
   Γ£à PASSED: LAZY_DENY_OVERWRITE

≡ƒôï Testing configuration: EAGER_HOT_RELOAD
   Config: {   "dir": "../api_tests/api_test",   "lazy": false,   "hotReload": true,   "debug": false }
   Γ£à PASSED: EAGER_HOT_RELOAD

≡ƒôï Testing configuration: LAZY_HOT_RELOAD
   Config: {   "dir": "../api_tests/api_test",   "lazy": true,   "hotReload": true,   "debug": false }
   Γ£à PASSED: LAZY_HOT_RELOAD

≡ƒôï Testing configuration: EAGER_DEPTH_1
   Config: {   "dir": "../api_tests/api_test",   "lazy": false,   "apiDepth": 1,   "debug": false,   "hotReload": true }
   Γ£à PASSED: EAGER_DEPTH_1

≡ƒôï Testing configuration: LAZY_DEPTH_1
   Config: {   "dir": "../api_tests/api_test",   "lazy": true,   "apiDepth": 1,   "debug": false,   "hotReload": true }
   Γ£à PASSED: LAZY_DEPTH_1

≡ƒôï Testing configuration: EAGER_DEPTH_3
   Config: {   "dir": "../api_tests/api_test",   "lazy": false,   "apiDepth": 3,   "debug": false,   "hotReload": true }
   Γ£à PASSED: EAGER_DEPTH_3

≡ƒôï Testing configuration: LAZY_DEPTH_3
   Config: {   "dir": "../api_tests/api_test",   "lazy": true,   "apiDepth": 3,   "debug": false,   "hotReload": true }
   Γ£à PASSED: LAZY_DEPTH_3

≡ƒôï Testing configuration: EAGER_MIXED
   Config: {   "dir": "../api_tests/api_test_mixed",   "lazy": false,   "debug": false,   "hotReload": true }
   Γ£à PASSED: EAGER_MIXED

≡ƒôï Testing configuration: LAZY_MIXED
   Config: {   "dir": "../api_tests/api_test_mixed",   "lazy": true,   "debug": false,   "hotReload": true }
   Γ£à PASSED: LAZY_MIXED

≡ƒôï Testing configuration: LAZY_ALL_FEATURES
   Config: {   "dir": "../api_tests/api_test",   "lazy": true,   "allowApiOverwrite": false,   "apiDepth": 5,   "debug": false,   "hotReload": true }
   Γ£à PASSED: LAZY_ALL_FEATURES

≡ƒôï Testing configuration: EAGER_ALL_FEATURES
   Config: {   "dir": "../api_tests/api_test",   "lazy": false,   "allowApiOverwrite": false,   "apiDepth": 5,   "debug": false,   "hotReload": true }
   Γ£à PASSED: EAGER_ALL_FEATURES

≡ƒôè Test 4: Reload with removeApi Summary:
   Total: 16
   Passed: 16
   Failed: 0
   Success Rate: 100.0%

≡ƒº¬ Running Test 5: Reference preservation across 16 configurations...

≡ƒôï Testing configuration: EAGER_BASIC
   Config: {   "dir": "../api_tests/api_test",   "lazy": false,   "debug": false,   "hotReload": true }
   Γ£à PASSED: EAGER_BASIC

≡ƒôï Testing configuration: LAZY_BASIC
   Config: {   "dir": "../api_tests/api_test",   "lazy": true,   "debug": false,   "hotReload": true }
   Γ£à PASSED: LAZY_BASIC

≡ƒôï Testing configuration: EAGER_ALLOW_OVERWRITE
   Config: {   "dir": "../api_tests/api_test",   "lazy": false,   "allowApiOverwrite": true,   "debug": false,   "hotReload": true }
   Γ£à PASSED: EAGER_ALLOW_OVERWRITE

≡ƒôï Testing configuration: LAZY_ALLOW_OVERWRITE
   Config: {   "dir": "../api_tests/api_test",   "lazy": true,   "allowApiOverwrite": true,   "debug": false,   "hotReload": true }
   Γ£à PASSED: LAZY_ALLOW_OVERWRITE

≡ƒôï Testing configuration: EAGER_DENY_OVERWRITE
   Config: {   "dir": "../api_tests/api_test",   "lazy": false,   "allowApiOverwrite": false,   "debug": false,   "hotReload": true }
   Γ£à PASSED: EAGER_DENY_OVERWRITE

≡ƒôï Testing configuration: LAZY_DENY_OVERWRITE
   Config: {   "dir": "../api_tests/api_test",   "lazy": true,   "allowApiOverwrite": false,   "debug": false,   "hotReload": true }
   Γ£à PASSED: LAZY_DENY_OVERWRITE

≡ƒôï Testing configuration: EAGER_HOT_RELOAD
   Config: {   "dir": "../api_tests/api_test",   "lazy": false,   "hotReload": true,   "debug": false }
   Γ£à PASSED: EAGER_HOT_RELOAD

≡ƒôï Testing configuration: LAZY_HOT_RELOAD
   Config: {   "dir": "../api_tests/api_test",   "lazy": true,   "hotReload": true,   "debug": false }
   Γ£à PASSED: LAZY_HOT_RELOAD

≡ƒôï Testing configuration: EAGER_DEPTH_1
   Config: {   "dir": "../api_tests/api_test",   "lazy": false,   "apiDepth": 1,   "debug": false,   "hotReload": true }
   Γ£à PASSED: EAGER_DEPTH_1

≡ƒôï Testing configuration: LAZY_DEPTH_1
   Config: {   "dir": "../api_tests/api_test",   "lazy": true,   "apiDepth": 1,   "debug": false,   "hotReload": true }
   Γ£à PASSED: LAZY_DEPTH_1

≡ƒôï Testing configuration: EAGER_DEPTH_3
   Config: {   "dir": "../api_tests/api_test",   "lazy": false,   "apiDepth": 3,   "debug": false,   "hotReload": true }
   Γ£à PASSED: EAGER_DEPTH_3

≡ƒôï Testing configuration: LAZY_DEPTH_3
   Config: {   "dir": "../api_tests/api_test",   "lazy": true,   "apiDepth": 3,   "debug": false,   "hotReload": true }
   Γ£à PASSED: LAZY_DEPTH_3

≡ƒôï Testing configuration: EAGER_MIXED
   Config: {   "dir": "../api_tests/api_test_mixed",   "lazy": false,   "debug": false,   "hotReload": true }
   Γ£à PASSED: EAGER_MIXED

≡ƒôï Testing configuration: LAZY_MIXED
   Config: {   "dir": "../api_tests/api_test_mixed",   "lazy": true,   "debug": false,   "hotReload": true }
   Γ£à PASSED: LAZY_MIXED

≡ƒôï Testing configuration: LAZY_ALL_FEATURES
   Config: {   "dir": "../api_tests/api_test",   "lazy": true,   "allowApiOverwrite": false,   "apiDepth": 5,   "debug": false,   "hotReload": true }
   Γ£à PASSED: LAZY_ALL_FEATURES

≡ƒôï Testing configuration: EAGER_ALL_FEATURES
   Config: {   "dir": "../api_tests/api_test",   "lazy": false,   "allowApiOverwrite": false,   "apiDepth": 5,   "debug": false,   "hotReload": true }
   Γ£à PASSED: EAGER_ALL_FEATURES

≡ƒôè Test 5: Reference preservation Summary:
   Total: 16
   Passed: 16
   Failed: 0
   Success Rate: 100.0%

≡ƒôï Test 6: reload() not available when hotReload disabled
   Γ£à PASSED: reload() correctly not exposed

≡ƒº¬ Running Test 7: Multiple addApi with different moduleIds across 16 configurations...

≡ƒôï Testing configuration: EAGER_BASIC
   Config: {   "dir": "../api_tests/api_test",   "lazy": false,   "debug": false,   "hotReload": true }
   Γ£à PASSED: EAGER_BASIC

≡ƒôï Testing configuration: LAZY_BASIC
   Config: {   "dir": "../api_tests/api_test",   "lazy": true,   "debug": false,   "hotReload": true }
   Γ£à PASSED: LAZY_BASIC

≡ƒôï Testing configuration: EAGER_ALLOW_OVERWRITE
   Config: {   "dir": "../api_tests/api_test",   "lazy": false,   "allowApiOverwrite": true,   "debug": false,   "hotReload": true }
   Γ£à PASSED: EAGER_ALLOW_OVERWRITE

≡ƒôï Testing configuration: LAZY_ALLOW_OVERWRITE
   Config: {   "dir": "../api_tests/api_test",   "lazy": true,   "allowApiOverwrite": true,   "debug": false,   "hotReload": true }
   Γ£à PASSED: LAZY_ALLOW_OVERWRITE

≡ƒôï Testing configuration: EAGER_DENY_OVERWRITE
   Config: {   "dir": "../api_tests/api_test",   "lazy": false,   "allowApiOverwrite": false,   "debug": false,   "hotReload": true }
   Γ£à PASSED: EAGER_DENY_OVERWRITE

≡ƒôï Testing configuration: LAZY_DENY_OVERWRITE
   Config: {   "dir": "../api_tests/api_test",   "lazy": true,   "allowApiOverwrite": false,   "debug": false,   "hotReload": true }
   Γ£à PASSED: LAZY_DENY_OVERWRITE

≡ƒôï Testing configuration: EAGER_HOT_RELOAD
   Config: {   "dir": "../api_tests/api_test",   "lazy": false,   "hotReload": true,   "debug": false }
   Γ£à PASSED: EAGER_HOT_RELOAD

≡ƒôï Testing configuration: LAZY_HOT_RELOAD
   Config: {   "dir": "../api_tests/api_test",   "lazy": true,   "hotReload": true,   "debug": false }
   Γ£à PASSED: LAZY_HOT_RELOAD

≡ƒôï Testing configuration: EAGER_DEPTH_1
   Config: {   "dir": "../api_tests/api_test",   "lazy": false,   "apiDepth": 1,   "debug": false,   "hotReload": true }
   Γ£à PASSED: EAGER_DEPTH_1

≡ƒôï Testing configuration: LAZY_DEPTH_1
   Config: {   "dir": "../api_tests/api_test",   "lazy": true,   "apiDepth": 1,   "debug": false,   "hotReload": true }
   Γ£à PASSED: LAZY_DEPTH_1

≡ƒôï Testing configuration: EAGER_DEPTH_3
   Config: {   "dir": "../api_tests/api_test",   "lazy": false,   "apiDepth": 3,   "debug": false,   "hotReload": true }
   Γ£à PASSED: EAGER_DEPTH_3

≡ƒôï Testing configuration: LAZY_DEPTH_3
   Config: {   "dir": "../api_tests/api_test",   "lazy": true,   "apiDepth": 3,   "debug": false,   "hotReload": true }
   Γ£à PASSED: LAZY_DEPTH_3

≡ƒôï Testing configuration: EAGER_MIXED
   Config: {   "dir": "../api_tests/api_test_mixed",   "lazy": false,   "debug": false,   "hotReload": true }
   Γ£à PASSED: EAGER_MIXED

≡ƒôï Testing configuration: LAZY_MIXED
   Config: {   "dir": "../api_tests/api_test_mixed",   "lazy": true,   "debug": false,   "hotReload": true }
   Γ£à PASSED: LAZY_MIXED

≡ƒôï Testing configuration: LAZY_ALL_FEATURES
   Config: {   "dir": "../api_tests/api_test",   "lazy": true,   "allowApiOverwrite": false,   "apiDepth": 5,   "debug": false,   "hotReload": true }
   Γ£à PASSED: LAZY_ALL_FEATURES

≡ƒôï Testing configuration: EAGER_ALL_FEATURES
   Config: {   "dir": "../api_tests/api_test",   "lazy": false,   "allowApiOverwrite": false,   "apiDepth": 5,   "debug": false,   "hotReload": true }
   Γ£à PASSED: EAGER_ALL_FEATURES

≡ƒôè Test 7: Multiple addApi with different moduleIds Summary:
   Total: 16
   Passed: 16
   Failed: 0
   Success Rate: 100.0%

≡ƒº¬ Running Test 8: Reload after addApi overwrite across 16 configurations...

≡ƒôï Testing configuration: EAGER_BASIC
   Config: {   "dir": "../api_tests/api_test",   "lazy": false,   "debug": false,   "hotReload": true,   "allowApiOverwrite": true }
   Γ£à PASSED: EAGER_BASIC

≡ƒôï Testing configuration: LAZY_BASIC
   Config: {   "dir": "../api_tests/api_test",   "lazy": true,   "debug": false,   "hotReload": true,   "allowApiOverwrite": true }
   Γ£à PASSED: LAZY_BASIC

≡ƒôï Testing configuration: EAGER_ALLOW_OVERWRITE
   Config: {   "dir": "../api_tests/api_test",   "lazy": false,   "allowApiOverwrite": true,   "debug": false,   "hotReload": true }
   Γ£à PASSED: EAGER_ALLOW_OVERWRITE

≡ƒôï Testing configuration: LAZY_ALLOW_OVERWRITE
   Config: {   "dir": "../api_tests/api_test",   "lazy": true,   "allowApiOverwrite": true,   "debug": false,   "hotReload": true }
   Γ£à PASSED: LAZY_ALLOW_OVERWRITE

≡ƒôï Testing configuration: EAGER_DENY_OVERWRITE
   Config: {   "dir": "../api_tests/api_test",   "lazy": false,   "allowApiOverwrite": true,   "debug": false,   "hotReload": true }
   Γ£à PASSED: EAGER_DENY_OVERWRITE

≡ƒôï Testing configuration: LAZY_DENY_OVERWRITE
   Config: {   "dir": "../api_tests/api_test",   "lazy": true,   "allowApiOverwrite": true,   "debug": false,   "hotReload": true }
   Γ£à PASSED: LAZY_DENY_OVERWRITE

≡ƒôï Testing configuration: EAGER_HOT_RELOAD
   Config: {   "dir": "../api_tests/api_test",   "lazy": false,   "hotReload": true,   "debug": false,   "allowApiOverwrite": true }
   Γ£à PASSED: EAGER_HOT_RELOAD

≡ƒôï Testing configuration: LAZY_HOT_RELOAD
   Config: {   "dir": "../api_tests/api_test",   "lazy": true,   "hotReload": true,   "debug": false,   "allowApiOverwrite": true }
   Γ£à PASSED: LAZY_HOT_RELOAD

≡ƒôï Testing configuration: EAGER_DEPTH_1
   Config: {   "dir": "../api_tests/api_test",   "lazy": false,   "apiDepth": 1,   "debug": false,   "hotReload": true,   "allowApiOverwrite": true }
   Γ£à PASSED: EAGER_DEPTH_1

≡ƒôï Testing configuration: LAZY_DEPTH_1
   Config: {   "dir": "../api_tests/api_test",   "lazy": true,   "apiDepth": 1,   "debug": false,   "hotReload": true,   "allowApiOverwrite": true }
   Γ£à PASSED: LAZY_DEPTH_1

≡ƒôï Testing configuration: EAGER_DEPTH_3
   Config: {   "dir": "../api_tests/api_test",   "lazy": false,   "apiDepth": 3,   "debug": false,   "hotReload": true,   "allowApiOverwrite": true }
   Γ£à PASSED: EAGER_DEPTH_3

≡ƒôï Testing configuration: LAZY_DEPTH_3
   Config: {   "dir": "../api_tests/api_test",   "lazy": true,   "apiDepth": 3,   "debug": false,   "hotReload": true,   "allowApiOverwrite": true }
   Γ£à PASSED: LAZY_DEPTH_3

≡ƒôï Testing configuration: EAGER_MIXED
   Config: {   "dir": "../api_tests/api_test_mixed",   "lazy": false,   "debug": false,   "hotReload": true,   "allowApiOverwrite": true }
   Γ£à PASSED: EAGER_MIXED

≡ƒôï Testing configuration: LAZY_MIXED
   Config: {   "dir": "../api_tests/api_test_mixed",   "lazy": true,   "debug": false,   "hotReload": true,   "allowApiOverwrite": true }
   Γ£à PASSED: LAZY_MIXED

≡ƒôï Testing configuration: LAZY_ALL_FEATURES
   Config: {   "dir": "../api_tests/api_test",   "lazy": true,   "allowApiOverwrite": true,   "apiDepth": 5,   "debug": false,   "hotReload": true }
   Γ£à PASSED: LAZY_ALL_FEATURES

≡ƒôï Testing configuration: EAGER_ALL_FEATURES
   Config: {   "dir": "../api_tests/api_test",   "lazy": false,   "allowApiOverwrite": true,   "apiDepth": 5,   "debug": false,   "hotReload": true }
   Γ£à PASSED: EAGER_ALL_FEATURES

≡ƒôè Test 8: Reload after addApi overwrite Summary:
   Total: 16
   Passed: 16
   Failed: 0
   Success Rate: 100.0%

≡ƒº¬ Running Test 9: Reload after shutdown across 16 configurations...

≡ƒôï Testing configuration: EAGER_BASIC
   Config: {   "dir": "../api_tests/api_test",   "lazy": false,   "debug": false,   "hotReload": true }
   Γ£à PASSED: EAGER_BASIC

≡ƒôï Testing configuration: LAZY_BASIC
   Config: {   "dir": "../api_tests/api_test",   "lazy": true,   "debug": false,   "hotReload": true }
   Γ£à PASSED: LAZY_BASIC

≡ƒôï Testing configuration: EAGER_ALLOW_OVERWRITE
   Config: {   "dir": "../api_tests/api_test",   "lazy": false,   "allowApiOverwrite": true,   "debug": false,   "hotReload": true }
   Γ£à PASSED: EAGER_ALLOW_OVERWRITE

≡ƒôï Testing configuration: LAZY_ALLOW_OVERWRITE
   Config: {   "dir": "../api_tests/api_test",   "lazy": true,   "allowApiOverwrite": true,   "debug": false,   "hotReload": true }
   Γ£à PASSED: LAZY_ALLOW_OVERWRITE

≡ƒôï Testing configuration: EAGER_DENY_OVERWRITE
   Config: {   "dir": "../api_tests/api_test",   "lazy": false,   "allowApiOverwrite": false,   "debug": false,   "hotReload": true }
   Γ£à PASSED: EAGER_DENY_OVERWRITE

≡ƒôï Testing configuration: LAZY_DENY_OVERWRITE
   Config: {   "dir": "../api_tests/api_test",   "lazy": true,   "allowApiOverwrite": false,   "debug": false,   "hotReload": true }
   Γ£à PASSED: LAZY_DENY_OVERWRITE

≡ƒôï Testing configuration: EAGER_HOT_RELOAD
   Config: {   "dir": "../api_tests/api_test",   "lazy": false,   "hotReload": true,   "debug": false }
   Γ£à PASSED: EAGER_HOT_RELOAD

≡ƒôï Testing configuration: LAZY_HOT_RELOAD
   Config: {   "dir": "../api_tests/api_test",   "lazy": true,   "hotReload": true,   "debug": false }
   Γ£à PASSED: LAZY_HOT_RELOAD

≡ƒôï Testing configuration: EAGER_DEPTH_1
   Config: {   "dir": "../api_tests/api_test",   "lazy": false,   "apiDepth": 1,   "debug": false,   "hotReload": true }
   Γ£à PASSED: EAGER_DEPTH_1

≡ƒôï Testing configuration: LAZY_DEPTH_1
   Config: {   "dir": "../api_tests/api_test",   "lazy": true,   "apiDepth": 1,   "debug": false,   "hotReload": true }
   Γ£à PASSED: LAZY_DEPTH_1

≡ƒôï Testing configuration: EAGER_DEPTH_3
   Config: {   "dir": "../api_tests/api_test",   "lazy": false,   "apiDepth": 3,   "debug": false,   "hotReload": true }
   Γ£à PASSED: EAGER_DEPTH_3

≡ƒôï Testing configuration: LAZY_DEPTH_3
   Config: {   "dir": "../api_tests/api_test",   "lazy": true,   "apiDepth": 3,   "debug": false,   "hotReload": true }
   Γ£à PASSED: LAZY_DEPTH_3

≡ƒôï Testing configuration: EAGER_MIXED
   Config: {   "dir": "../api_tests/api_test_mixed",   "lazy": false,   "debug": false,   "hotReload": true }
   Γ£à PASSED: EAGER_MIXED

≡ƒôï Testing configuration: LAZY_MIXED
   Config: {   "dir": "../api_tests/api_test_mixed",   "lazy": true,   "debug": false,   "hotReload": true }
   Γ£à PASSED: LAZY_MIXED

≡ƒôï Testing configuration: LAZY_ALL_FEATURES
   Config: {   "dir": "../api_tests/api_test",   "lazy": true,   "allowApiOverwrite": false,   "apiDepth": 5,   "debug": false,   "hotReload": true }
   Γ£à PASSED: LAZY_ALL_FEATURES

≡ƒôï Testing configuration: EAGER_ALL_FEATURES
   Config: {   "dir": "../api_tests/api_test",   "lazy": false,   "allowApiOverwrite": false,   "apiDepth": 5,   "debug": false,   "hotReload": true }
   Γ£à PASSED: EAGER_ALL_FEATURES

≡ƒôè Test 9: Reload after shutdown Summary:
   Total: 16
   Passed: 16
   Failed: 0
   Success Rate: 100.0%

≡ƒº¬ Running Test 10: reloadApi() - selective reload across 16 configurations...

≡ƒôï Testing configuration: EAGER_BASIC
   Config: {   "dir": "../api_tests/api_test",   "lazy": false,   "debug": false,   "hotReload": true }
   Γ£à PASSED: EAGER_BASIC

≡ƒôï Testing configuration: LAZY_BASIC
   Config: {   "dir": "../api_tests/api_test",   "lazy": true,   "debug": false,   "hotReload": true }
   Γ£à PASSED: LAZY_BASIC

≡ƒôï Testing configuration: EAGER_ALLOW_OVERWRITE
   Config: {   "dir": "../api_tests/api_test",   "lazy": false,   "allowApiOverwrite": true,   "debug": false,   "hotReload": true }
   Γ£à PASSED: EAGER_ALLOW_OVERWRITE

≡ƒôï Testing configuration: LAZY_ALLOW_OVERWRITE
   Config: {   "dir": "../api_tests/api_test",   "lazy": true,   "allowApiOverwrite": true,   "debug": false,   "hotReload": true }
   Γ£à PASSED: LAZY_ALLOW_OVERWRITE

≡ƒôï Testing configuration: EAGER_DENY_OVERWRITE
   Config: {   "dir": "../api_tests/api_test",   "lazy": false,   "allowApiOverwrite": false,   "debug": false,   "hotReload": true }
   Γ£à PASSED: EAGER_DENY_OVERWRITE

≡ƒôï Testing configuration: LAZY_DENY_OVERWRITE
   Config: {   "dir": "../api_tests/api_test",   "lazy": true,   "allowApiOverwrite": false,   "debug": false,   "hotReload": true }
   Γ£à PASSED: LAZY_DENY_OVERWRITE

≡ƒôï Testing configuration: EAGER_HOT_RELOAD
   Config: {   "dir": "../api_tests/api_test",   "lazy": false,   "hotReload": true,   "debug": false }
   Γ£à PASSED: EAGER_HOT_RELOAD

≡ƒôï Testing configuration: LAZY_HOT_RELOAD
   Config: {   "dir": "../api_tests/api_test",   "lazy": true,   "hotReload": true,   "debug": false }
   Γ£à PASSED: LAZY_HOT_RELOAD

≡ƒôï Testing configuration: EAGER_DEPTH_1
   Config: {   "dir": "../api_tests/api_test",   "lazy": false,   "apiDepth": 1,   "debug": false,   "hotReload": true }
   Γ£à PASSED: EAGER_DEPTH_1

≡ƒôï Testing configuration: LAZY_DEPTH_1
   Config: {   "dir": "../api_tests/api_test",   "lazy": true,   "apiDepth": 1,   "debug": false,   "hotReload": true }
   Γ£à PASSED: LAZY_DEPTH_1

≡ƒôï Testing configuration: EAGER_DEPTH_3
   Config: {   "dir": "../api_tests/api_test",   "lazy": false,   "apiDepth": 3,   "debug": false,   "hotReload": true }
   Γ£à PASSED: EAGER_DEPTH_3

≡ƒôï Testing configuration: LAZY_DEPTH_3
   Config: {   "dir": "../api_tests/api_test",   "lazy": true,   "apiDepth": 3,   "debug": false,   "hotReload": true }
   Γ£à PASSED: LAZY_DEPTH_3

≡ƒôï Testing configuration: EAGER_MIXED
   Config: {   "dir": "../api_tests/api_test_mixed",   "lazy": false,   "debug": false,   "hotReload": true }
   Γ£à PASSED: EAGER_MIXED

≡ƒôï Testing configuration: LAZY_MIXED
   Config: {   "dir": "../api_tests/api_test_mixed",   "lazy": true,   "debug": false,   "hotReload": true }
   Γ£à PASSED: LAZY_MIXED

≡ƒôï Testing configuration: LAZY_ALL_FEATURES
   Config: {   "dir": "../api_tests/api_test",   "lazy": true,   "allowApiOverwrite": false,   "apiDepth": 5,   "debug": false,   "hotReload": true }
   Γ£à PASSED: LAZY_ALL_FEATURES

≡ƒôï Testing configuration: EAGER_ALL_FEATURES
   Config: {   "dir": "../api_tests/api_test",   "lazy": false,   "allowApiOverwrite": false,   "apiDepth": 5,   "debug": false,   "hotReload": true }
   Γ£à PASSED: EAGER_ALL_FEATURES

≡ƒôè Test 10: reloadApi() - selective reload Summary:
   Total: 16
   Passed: 16
   Failed: 0
   Success Rate: 100.0%

≡ƒº¬ Running Test 11: reloadApi() with multiple modules on same path across 16 configurations...

≡ƒôï Testing configuration: EAGER_BASIC
   Config: {   "dir": "../api_tests/api_test",   "lazy": false,   "debug": false,   "hotReload": true }
node : [slothlet] Overwriting existing function at API path "features" final key "features" with a new function.
At line:1 char:1
+ node tests/test-hot-reload.mjs > test-results.txt 2>&1; Get-Content t ...
+ ~~~~~~~~~~~~~~~~~~~~~~~~~~~~~~~~~~~~~~~~~~~~~~~~~~~~~~
    + CategoryInfo          : NotSpecified: ([slothlet] Over...a new function.:String) [], RemoteException
    + FullyQualifiedErrorId : NativeCommandError
 
   Γ£à PASSED: EAGER_BASIC

≡ƒôï Testing configuration: LAZY_BASIC
   Config: {   "dir": "../api_tests/api_test",   "lazy": true,   "debug": false,   "hotReload": true }
[slothlet] Overwriting existing non-function value at API path "features" final key "features" with a function. Previous type: "object".
   Γ£à PASSED: LAZY_BASIC

≡ƒôï Testing configuration: EAGER_ALLOW_OVERWRITE
   Config: {   "dir": "../api_tests/api_test",   "lazy": false,   "allowApiOverwrite": true,   "debug": false,   "hotReload": true }
[slothlet] Overwriting existing non-function value at API path "features" final key "features" with a function. Previous type: "object".
   Γ£à PASSED: EAGER_ALLOW_OVERWRITE

≡ƒôï Testing configuration: LAZY_ALLOW_OVERWRITE
   Config: {   "dir": "../api_tests/api_test",   "lazy": true,   "allowApiOverwrite": true,   "debug": false,   "hotReload": true }
[slothlet] Overwriting existing non-function value at API path "features" final key "features" with a function. Previous type: "object".
   Γ£à PASSED: LAZY_ALLOW_OVERWRITE

≡ƒôï Testing configuration: EAGER_DENY_OVERWRITE
   Config: {   "dir": "../api_tests/api_test",   "lazy": false,   "allowApiOverwrite": false,   "debug": false,   "hotReload": true }
[slothlet] Skipping addApi: API path "features" final key "features" already exists (type: "object"). Set allowApiOverwrite: true to allow overwrites, or use forceOverwrite option.
   Γ¥î FAILED: EAGER_DENY_OVERWRITE
   Error: [EAGER_DENY_OVERWRITE] features.math.add not available after reloadApi

≡ƒôï Testing configuration: LAZY_DENY_OVERWRITE
   Config: {   "dir": "../api_tests/api_test",   "lazy": true,   "allowApiOverwrite": false,   "debug": false,   "hotReload": true }
[slothlet] Skipping addApi: API path "features" final key "features" already exists (type: "object"). Set allowApiOverwrite: true to allow overwrites, or use forceOverwrite option.
   Γ¥î FAILED: LAZY_DENY_OVERWRITE
   Error: [LAZY_DENY_OVERWRITE] features.math.add not available after reloadApi

≡ƒôï Testing configuration: EAGER_HOT_RELOAD
   Config: {   "dir": "../api_tests/api_test",   "lazy": false,   "hotReload": true,   "debug": false }
[slothlet] Overwriting existing non-function value at API path "features" final key "features" with a function. Previous type: "object".
   Γ£à PASSED: EAGER_HOT_RELOAD

≡ƒôï Testing configuration: LAZY_HOT_RELOAD
   Config: {   "dir": "../api_tests/api_test",   "lazy": true,   "hotReload": true,   "debug": false }
[slothlet] Overwriting existing non-function value at API path "features" final key "features" with a function. Previous type: "object".
   Γ£à PASSED: LAZY_HOT_RELOAD

≡ƒôï Testing configuration: EAGER_DEPTH_1
   Config: {   "dir": "../api_tests/api_test",   "lazy": false,   "apiDepth": 1,   "debug": false,   "hotReload": true }
[slothlet] Overwriting existing non-function value at API path "features" final key "features" with a function. Previous type: "object".
   Γ£à PASSED: EAGER_DEPTH_1

≡ƒôï Testing configuration: LAZY_DEPTH_1
   Config: {   "dir": "../api_tests/api_test",   "lazy": true,   "apiDepth": 1,   "debug": false,   "hotReload": true }
[slothlet] Overwriting existing non-function value at API path "features" final key "features" with a function. Previous type: "object".
   Γ£à PASSED: LAZY_DEPTH_1

≡ƒôï Testing configuration: EAGER_DEPTH_3
   Config: {   "dir": "../api_tests/api_test",   "lazy": false,   "apiDepth": 3,   "debug": false,   "hotReload": true }
[slothlet] Overwriting existing non-function value at API path "features" final key "features" with a function. Previous type: "object".
   Γ£à PASSED: EAGER_DEPTH_3

≡ƒôï Testing configuration: LAZY_DEPTH_3
   Config: {   "dir": "../api_tests/api_test",   "lazy": true,   "apiDepth": 3,   "debug": false,   "hotReload": true }
[slothlet] Overwriting existing non-function value at API path "features" final key "features" with a function. Previous type: "object".
   Γ£à PASSED: LAZY_DEPTH_3

≡ƒôï Testing configuration: EAGER_MIXED
   Config: {   "dir": "../api_tests/api_test_mixed",   "lazy": false,   "debug": false,   "hotReload": true }
[slothlet] Overwriting existing non-function value at API path "features" final key "features" with a function. Previous type: "object".
   Γ£à PASSED: EAGER_MIXED

≡ƒôï Testing configuration: LAZY_MIXED
   Config: {   "dir": "../api_tests/api_test_mixed",   "lazy": true,   "debug": false,   "hotReload": true }
[slothlet] Overwriting existing non-function value at API path "features" final key "features" with a function. Previous type: "object".
   Γ£à PASSED: LAZY_MIXED

≡ƒôï Testing configuration: LAZY_ALL_FEATURES
   Config: {   "dir": "../api_tests/api_test",   "lazy": true,   "allowApiOverwrite": false,   "apiDepth": 5,   "debug": false,   "hotReload": true }
[slothlet] Skipping addApi: API path "features" final key "features" already exists (type: "object"). Set allowApiOverwrite: true to allow overwrites, or use forceOverwrite option.
   Γ¥î FAILED: LAZY_ALL_FEATURES
   Error: [LAZY_ALL_FEATURES] features.math.add not available after reloadApi

≡ƒôï Testing configuration: EAGER_ALL_FEATURES
   Config: {   "dir": "../api_tests/api_test",   "lazy": false,   "allowApiOverwrite": false,   "apiDepth": 5,   "debug": false,   "hotReload": true }
[slothlet] Skipping addApi: API path "features" final key "features" already exists (type: "object"). Set allowApiOverwrite: true to allow overwrites, or use forceOverwrite option.
   Γ¥î FAILED: EAGER_ALL_FEATURES
   Error: [EAGER_ALL_FEATURES] features.math.add not available after reloadApi

≡ƒôè Test 11: reloadApi() with multiple modules on same path Summary:
   Total: 16
   Passed: 12
   Failed: 4
   Success Rate: 75.0%

≡ƒöì Failures:
   - EAGER_DENY_OVERWRITE: [EAGER_DENY_OVERWRITE] features.math.add not available after reloadApi
   - LAZY_DENY_OVERWRITE: [LAZY_DENY_OVERWRITE] features.math.add not available after reloadApi
   - LAZY_ALL_FEATURES: [LAZY_ALL_FEATURES] features.math.add not available after reloadApi
   - EAGER_ALL_FEATURES: [EAGER_ALL_FEATURES] features.math.add not available after reloadApi

≡ƒº¬ Running Test 12: Context preservation across reload across 16 configurations...

≡ƒôï Testing configuration: EAGER_BASIC
   Config: {   "dir": "../api_tests/api_test",   "lazy": false,   "debug": false,   "hotReload": true }
   Γ£à PASSED: EAGER_BASIC

≡ƒôï Testing configuration: LAZY_BASIC
   Config: {   "dir": "../api_tests/api_test",   "lazy": true,   "debug": false,   "hotReload": true }
   Γ£à PASSED: LAZY_BASIC

≡ƒôï Testing configuration: EAGER_ALLOW_OVERWRITE
   Config: {   "dir": "../api_tests/api_test",   "lazy": false,   "allowApiOverwrite": true,   "debug": false,   "hotReload": true }
   Γ£à PASSED: EAGER_ALLOW_OVERWRITE

≡ƒôï Testing configuration: LAZY_ALLOW_OVERWRITE
   Config: {   "dir": "../api_tests/api_test",   "lazy": true,   "allowApiOverwrite": true,   "debug": false,   "hotReload": true }
   Γ£à PASSED: LAZY_ALLOW_OVERWRITE

≡ƒôï Testing configuration: EAGER_DENY_OVERWRITE
   Config: {   "dir": "../api_tests/api_test",   "lazy": false,   "allowApiOverwrite": false,   "debug": false,   "hotReload": true }
   Γ£à PASSED: EAGER_DENY_OVERWRITE

≡ƒôï Testing configuration: LAZY_DENY_OVERWRITE
   Config: {   "dir": "../api_tests/api_test",   "lazy": true,   "allowApiOverwrite": false,   "debug": false,   "hotReload": true }
   Γ£à PASSED: LAZY_DENY_OVERWRITE

≡ƒôï Testing configuration: EAGER_HOT_RELOAD
   Config: {   "dir": "../api_tests/api_test",   "lazy": false,   "hotReload": true,   "debug": false }
   Γ£à PASSED: EAGER_HOT_RELOAD

≡ƒôï Testing configuration: LAZY_HOT_RELOAD
   Config: {   "dir": "../api_tests/api_test",   "lazy": true,   "hotReload": true,   "debug": false }
   Γ£à PASSED: LAZY_HOT_RELOAD

≡ƒôï Testing configuration: EAGER_DEPTH_1
   Config: {   "dir": "../api_tests/api_test",   "lazy": false,   "apiDepth": 1,   "debug": false,   "hotReload": true }
   Γ£à PASSED: EAGER_DEPTH_1

≡ƒôï Testing configuration: LAZY_DEPTH_1
   Config: {   "dir": "../api_tests/api_test",   "lazy": true,   "apiDepth": 1,   "debug": false,   "hotReload": true }
   Γ£à PASSED: LAZY_DEPTH_1

≡ƒôï Testing configuration: EAGER_DEPTH_3
   Config: {   "dir": "../api_tests/api_test",   "lazy": false,   "apiDepth": 3,   "debug": false,   "hotReload": true }
   Γ£à PASSED: EAGER_DEPTH_3

≡ƒôï Testing configuration: LAZY_DEPTH_3
   Config: {   "dir": "../api_tests/api_test",   "lazy": true,   "apiDepth": 3,   "debug": false,   "hotReload": true }
   Γ£à PASSED: LAZY_DEPTH_3

≡ƒôï Testing configuration: EAGER_MIXED
   Config: {   "dir": "../api_tests/api_test_mixed",   "lazy": false,   "debug": false,   "hotReload": true }
   Γ£à PASSED: EAGER_MIXED

≡ƒôï Testing configuration: LAZY_MIXED
   Config: {   "dir": "../api_tests/api_test_mixed",   "lazy": true,   "debug": false,   "hotReload": true }
   Γ£à PASSED: LAZY_MIXED

≡ƒôï Testing configuration: LAZY_ALL_FEATURES
   Config: {   "dir": "../api_tests/api_test",   "lazy": true,   "allowApiOverwrite": false,   "apiDepth": 5,   "debug": false,   "hotReload": true }
   Γ£à PASSED: LAZY_ALL_FEATURES

≡ƒôï Testing configuration: EAGER_ALL_FEATURES
   Config: {   "dir": "../api_tests/api_test",   "lazy": false,   "allowApiOverwrite": false,   "apiDepth": 5,   "debug": false,   "hotReload": true }
   Γ£à PASSED: EAGER_ALL_FEATURES

≡ƒôè Test 12: Context preservation across reload Summary:
   Total: 16
   Passed: 16
   Failed: 0
   Success Rate: 100.0%

≡ƒº¬ Running Test 13: Reference preservation across reload across 16 configurations...

≡ƒôï Testing configuration: EAGER_BASIC
   Config: {   "dir": "../api_tests/api_test",   "lazy": false,   "debug": false,   "hotReload": true }
   Γ£à PASSED: EAGER_BASIC

≡ƒôï Testing configuration: LAZY_BASIC
   Config: {   "dir": "../api_tests/api_test",   "lazy": true,   "debug": false,   "hotReload": true }
   Γ£à PASSED: LAZY_BASIC

≡ƒôï Testing configuration: EAGER_ALLOW_OVERWRITE
   Config: {   "dir": "../api_tests/api_test",   "lazy": false,   "allowApiOverwrite": true,   "debug": false,   "hotReload": true }
   Γ£à PASSED: EAGER_ALLOW_OVERWRITE

≡ƒôï Testing configuration: LAZY_ALLOW_OVERWRITE
   Config: {   "dir": "../api_tests/api_test",   "lazy": true,   "allowApiOverwrite": true,   "debug": false,   "hotReload": true }
   Γ£à PASSED: LAZY_ALLOW_OVERWRITE

≡ƒôï Testing configuration: EAGER_DENY_OVERWRITE
   Config: {   "dir": "../api_tests/api_test",   "lazy": false,   "allowApiOverwrite": false,   "debug": false,   "hotReload": true }
   Γ£à PASSED: EAGER_DENY_OVERWRITE

≡ƒôï Testing configuration: LAZY_DENY_OVERWRITE
   Config: {   "dir": "../api_tests/api_test",   "lazy": true,   "allowApiOverwrite": false,   "debug": false,   "hotReload": true }
   Γ£à PASSED: LAZY_DENY_OVERWRITE

≡ƒôï Testing configuration: EAGER_HOT_RELOAD
   Config: {   "dir": "../api_tests/api_test",   "lazy": false,   "hotReload": true,   "debug": false }
   Γ£à PASSED: EAGER_HOT_RELOAD

≡ƒôï Testing configuration: LAZY_HOT_RELOAD
   Config: {   "dir": "../api_tests/api_test",   "lazy": true,   "hotReload": true,   "debug": false }
   Γ£à PASSED: LAZY_HOT_RELOAD

≡ƒôï Testing configuration: EAGER_DEPTH_1
   Config: {   "dir": "../api_tests/api_test",   "lazy": false,   "apiDepth": 1,   "debug": false,   "hotReload": true }
   Γ£à PASSED: EAGER_DEPTH_1

≡ƒôï Testing configuration: LAZY_DEPTH_1
   Config: {   "dir": "../api_tests/api_test",   "lazy": true,   "apiDepth": 1,   "debug": false,   "hotReload": true }
   Γ£à PASSED: LAZY_DEPTH_1

≡ƒôï Testing configuration: EAGER_DEPTH_3
   Config: {   "dir": "../api_tests/api_test",   "lazy": false,   "apiDepth": 3,   "debug": false,   "hotReload": true }
   Γ£à PASSED: EAGER_DEPTH_3

≡ƒôï Testing configuration: LAZY_DEPTH_3
   Config: {   "dir": "../api_tests/api_test",   "lazy": true,   "apiDepth": 3,   "debug": false,   "hotReload": true }
   Γ£à PASSED: LAZY_DEPTH_3

≡ƒôï Testing configuration: EAGER_MIXED
   Config: {   "dir": "../api_tests/api_test_mixed",   "lazy": false,   "debug": false,   "hotReload": true }
   Γ£à PASSED: EAGER_MIXED

≡ƒôï Testing configuration: LAZY_MIXED
   Config: {   "dir": "../api_tests/api_test_mixed",   "lazy": true,   "debug": false,   "hotReload": true }
   Γ£à PASSED: LAZY_MIXED

≡ƒôï Testing configuration: LAZY_ALL_FEATURES
   Config: {   "dir": "../api_tests/api_test",   "lazy": true,   "allowApiOverwrite": false,   "apiDepth": 5,   "debug": false,   "hotReload": true }
   Γ£à PASSED: LAZY_ALL_FEATURES

≡ƒôï Testing configuration: EAGER_ALL_FEATURES
   Config: {   "dir": "../api_tests/api_test",   "lazy": false,   "allowApiOverwrite": false,   "apiDepth": 5,   "debug": false,   "hotReload": true }
   Γ£à PASSED: EAGER_ALL_FEATURES

≡ƒôè Test 13: Reference preservation across reload Summary:
   Total: 16
   Passed: 16
   Failed: 0
   Success Rate: 100.0%

≡ƒº¬ Running Test 14: Hooks preservation across reload across 16 configurations...

≡ƒôï Testing configuration: EAGER_BASIC
   Config: {   "dir": "../api_tests/api_test",   "lazy": false,   "debug": false,   "hotReload": true,   "hooks": true }
   Γ£à PASSED: EAGER_BASIC

≡ƒôï Testing configuration: LAZY_BASIC
   Config: {   "dir": "../api_tests/api_test",   "lazy": true,   "debug": false,   "hotReload": true,   "hooks": true }
   Γ£à PASSED: LAZY_BASIC

≡ƒôï Testing configuration: EAGER_ALLOW_OVERWRITE
   Config: {   "dir": "../api_tests/api_test",   "lazy": false,   "allowApiOverwrite": true,   "debug": false,   "hotReload": true,   "hooks": true }
   Γ£à PASSED: EAGER_ALLOW_OVERWRITE

≡ƒôï Testing configuration: LAZY_ALLOW_OVERWRITE
   Config: {   "dir": "../api_tests/api_test",   "lazy": true,   "allowApiOverwrite": true,   "debug": false,   "hotReload": true,   "hooks": true }
   Γ£à PASSED: LAZY_ALLOW_OVERWRITE

≡ƒôï Testing configuration: EAGER_DENY_OVERWRITE
   Config: {   "dir": "../api_tests/api_test",   "lazy": false,   "allowApiOverwrite": false,   "debug": false,   "hotReload": true,   "hooks": true }
   Γ£à PASSED: EAGER_DENY_OVERWRITE

≡ƒôï Testing configuration: LAZY_DENY_OVERWRITE
   Config: {   "dir": "../api_tests/api_test",   "lazy": true,   "allowApiOverwrite": false,   "debug": false,   "hotReload": true,   "hooks": true }
   Γ£à PASSED: LAZY_DENY_OVERWRITE

≡ƒôï Testing configuration: EAGER_HOT_RELOAD
   Config: {   "dir": "../api_tests/api_test",   "lazy": false,   "hotReload": true,   "debug": false,   "hooks": true }
   Γ£à PASSED: EAGER_HOT_RELOAD

≡ƒôï Testing configuration: LAZY_HOT_RELOAD
   Config: {   "dir": "../api_tests/api_test",   "lazy": true,   "hotReload": true,   "debug": false,   "hooks": true }
   Γ£à PASSED: LAZY_HOT_RELOAD

≡ƒôï Testing configuration: EAGER_DEPTH_1
   Config: {   "dir": "../api_tests/api_test",   "lazy": false,   "apiDepth": 1,   "debug": false,   "hotReload": true,   "hooks": true }
   Γ£à PASSED: EAGER_DEPTH_1

≡ƒôï Testing configuration: LAZY_DEPTH_1
   Config: {   "dir": "../api_tests/api_test",   "lazy": true,   "apiDepth": 1,   "debug": false,   "hotReload": true,   "hooks": true }
   Γ£à PASSED: LAZY_DEPTH_1

≡ƒôï Testing configuration: EAGER_DEPTH_3
   Config: {   "dir": "../api_tests/api_test",   "lazy": false,   "apiDepth": 3,   "debug": false,   "hotReload": true,   "hooks": true }
   Γ£à PASSED: EAGER_DEPTH_3

≡ƒôï Testing configuration: LAZY_DEPTH_3
   Config: {   "dir": "../api_tests/api_test",   "lazy": true,   "apiDepth": 3,   "debug": false,   "hotReload": true,   "hooks": true }
   Γ£à PASSED: LAZY_DEPTH_3

≡ƒôï Testing configuration: EAGER_MIXED
   Config: {   "dir": "../api_tests/api_test_mixed",   "lazy": false,   "debug": false,   "hotReload": true,   "hooks": true }
   Γ£à PASSED: EAGER_MIXED

≡ƒôï Testing configuration: LAZY_MIXED
   Config: {   "dir": "../api_tests/api_test_mixed",   "lazy": true,   "debug": false,   "hotReload": true,   "hooks": true }
   Γ£à PASSED: LAZY_MIXED

≡ƒôï Testing configuration: LAZY_ALL_FEATURES
   Config: {   "dir": "../api_tests/api_test",   "lazy": true,   "allowApiOverwrite": false,   "apiDepth": 5,   "debug": false,   "hotReload": true,   "hooks": true }
   Γ£à PASSED: LAZY_ALL_FEATURES

≡ƒôï Testing configuration: EAGER_ALL_FEATURES
   Config: {   "dir": "../api_tests/api_test",   "lazy": false,   "allowApiOverwrite": false,   "apiDepth": 5,   "debug": false,   "hotReload": true,   "hooks": true }
   Γ£à PASSED: EAGER_ALL_FEATURES

≡ƒôè Test 14: Hooks preservation across reload Summary:
   Total: 16
   Passed: 16
   Failed: 0
   Success Rate: 100.0%

≡ƒôï Test 15: Error - reload() when hotReload disabled
   Γ¥î FAILED: reload() should throw error when hotReload is disabled

≡ƒôï Test 16: Error - reloadApi() with invalid arguments
   Γ£à PASSED: All invalid arguments rejected correctly

≡ƒôï Test 17: Error - reloadApi() when hotReload disabled
   Γ¥î FAILED: reloadApi() should throw error when hotReload is disabled

≡ƒôï Test 18: reloadApi() on non-existent path
   Γ£à PASSED: No error thrown for non-existent path

≡ƒº¬ Running Test 19: Nested API reloads across 16 configurations...

≡ƒôï Testing configuration: EAGER_BASIC
   Config: {   "dir": "../api_tests/api_test",   "lazy": false,   "debug": false,   "hotReload": true }
   Γ£à PASSED: EAGER_BASIC

≡ƒôï Testing configuration: LAZY_BASIC
   Config: {   "dir": "../api_tests/api_test",   "lazy": true,   "debug": false,   "hotReload": true }
   Γ£à PASSED: LAZY_BASIC

≡ƒôï Testing configuration: EAGER_ALLOW_OVERWRITE
   Config: {   "dir": "../api_tests/api_test",   "lazy": false,   "allowApiOverwrite": true,   "debug": false,   "hotReload": true }
   Γ£à PASSED: EAGER_ALLOW_OVERWRITE

≡ƒôï Testing configuration: LAZY_ALLOW_OVERWRITE
   Config: {   "dir": "../api_tests/api_test",   "lazy": true,   "allowApiOverwrite": true,   "debug": false,   "hotReload": true }
   Γ£à PASSED: LAZY_ALLOW_OVERWRITE

≡ƒôï Testing configuration: EAGER_DENY_OVERWRITE
   Config: {   "dir": "../api_tests/api_test",   "lazy": false,   "allowApiOverwrite": false,   "debug": false,   "hotReload": true }
   Γ£à PASSED: EAGER_DENY_OVERWRITE

≡ƒôï Testing configuration: LAZY_DENY_OVERWRITE
   Config: {   "dir": "../api_tests/api_test",   "lazy": true,   "allowApiOverwrite": false,   "debug": false,   "hotReload": true }
   Γ£à PASSED: LAZY_DENY_OVERWRITE

≡ƒôï Testing configuration: EAGER_HOT_RELOAD
   Config: {   "dir": "../api_tests/api_test",   "lazy": false,   "hotReload": true,   "debug": false }
   Γ£à PASSED: EAGER_HOT_RELOAD

≡ƒôï Testing configuration: LAZY_HOT_RELOAD
   Config: {   "dir": "../api_tests/api_test",   "lazy": true,   "hotReload": true,   "debug": false }
   Γ£à PASSED: LAZY_HOT_RELOAD

≡ƒôï Testing configuration: EAGER_DEPTH_1
   Config: {   "dir": "../api_tests/api_test",   "lazy": false,   "apiDepth": 1,   "debug": false,   "hotReload": true }
   Γ£à PASSED: EAGER_DEPTH_1

≡ƒôï Testing configuration: LAZY_DEPTH_1
   Config: {   "dir": "../api_tests/api_test",   "lazy": true,   "apiDepth": 1,   "debug": false,   "hotReload": true }
   Γ£à PASSED: LAZY_DEPTH_1

≡ƒôï Testing configuration: EAGER_DEPTH_3
   Config: {   "dir": "../api_tests/api_test",   "lazy": false,   "apiDepth": 3,   "debug": false,   "hotReload": true }
   Γ£à PASSED: EAGER_DEPTH_3

≡ƒôï Testing configuration: LAZY_DEPTH_3
   Config: {   "dir": "../api_tests/api_test",   "lazy": true,   "apiDepth": 3,   "debug": false,   "hotReload": true }
   Γ£à PASSED: LAZY_DEPTH_3

≡ƒôï Testing configuration: EAGER_MIXED
   Config: {   "dir": "../api_tests/api_test_mixed",   "lazy": false,   "debug": false,   "hotReload": true }
   Γ£à PASSED: EAGER_MIXED

≡ƒôï Testing configuration: LAZY_MIXED
   Config: {   "dir": "../api_tests/api_test_mixed",   "lazy": true,   "debug": false,   "hotReload": true }
   Γ£à PASSED: LAZY_MIXED

≡ƒôï Testing configuration: LAZY_ALL_FEATURES
   Config: {   "dir": "../api_tests/api_test",   "lazy": true,   "allowApiOverwrite": false,   "apiDepth": 5,   "debug": false,   "hotReload": true }
   Γ£à PASSED: LAZY_ALL_FEATURES

≡ƒôï Testing configuration: EAGER_ALL_FEATURES
   Config: {   "dir": "../api_tests/api_test",   "lazy": false,   "allowApiOverwrite": false,   "apiDepth": 5,   "debug": false,   "hotReload": true }
   Γ£à PASSED: EAGER_ALL_FEATURES

≡ƒôè Test 19: Nested API reloads Summary:
   Total: 16
   Passed: 16
   Failed: 0
   Success Rate: 100.0%

≡ƒôï Test 20: Concurrent reload operations
[slothlet] Overwriting existing function at API path "extra2" final key "extra2" with a new function.
   Γ£à PASSED: Concurrent reloads handled correctly

≡ƒº¬ Running Test 21: mutateExisting preserves deeply nested references across 16 configurations...

≡ƒôï Testing configuration: EAGER_BASIC
   Config: {   "dir": "../api_tests/api_test",   "lazy": false,   "debug": false,   "hotReload": true }
[slothlet] Overwriting existing function at API path "deep" final key "deep" with a new function.
   Γ¥î FAILED: EAGER_BASIC
   Error: [EAGER_BASIC] Nested object reference not preserved with mutateExisting

≡ƒôï Testing configuration: LAZY_BASIC
   Config: {   "dir": "../api_tests/api_test",   "lazy": true,   "debug": false,   "hotReload": true }
[slothlet] Overwriting existing function at API path "deep" final key "deep" with a new function.
   Γ¥î FAILED: LAZY_BASIC
   Error: [LAZY_BASIC] Nested object reference not preserved with mutateExisting

≡ƒôï Testing configuration: EAGER_ALLOW_OVERWRITE
   Config: {   "dir": "../api_tests/api_test",   "lazy": false,   "allowApiOverwrite": true,   "debug": false,   "hotReload": true }
[slothlet] Overwriting existing function at API path "deep" final key "deep" with a new function.
   Γ¥î FAILED: EAGER_ALLOW_OVERWRITE
   Error: [EAGER_ALLOW_OVERWRITE] Nested object reference not preserved with mutateExisting

≡ƒôï Testing configuration: LAZY_ALLOW_OVERWRITE
   Config: {   "dir": "../api_tests/api_test",   "lazy": true,   "allowApiOverwrite": true,   "debug": false,   "hotReload": true }
[slothlet] Overwriting existing function at API path "deep" final key "deep" with a new function.
   Γ¥î FAILED: LAZY_ALLOW_OVERWRITE
   Error: [LAZY_ALLOW_OVERWRITE] Nested object reference not preserved with mutateExisting

≡ƒôï Testing configuration: EAGER_DENY_OVERWRITE
   Config: {   "dir": "../api_tests/api_test",   "lazy": false,   "allowApiOverwrite": false,   "debug": false,   "hotReload": true }
[slothlet] Skipping addApi: API path "deep" final key "deep" already exists (type: "function"). Set allowApiOverwrite: true to allow overwrites, or use forceOverwrite option.
   Γ£à PASSED: EAGER_DENY_OVERWRITE

≡ƒôï Testing configuration: LAZY_DENY_OVERWRITE
   Config: {   "dir": "../api_tests/api_test",   "lazy": true,   "allowApiOverwrite": false,   "debug": false,   "hotReload": true }
[slothlet] Skipping addApi: API path "deep" final key "deep" already exists (type: "function"). Set allowApiOverwrite: true to allow overwrites, or use forceOverwrite option.
   Γ¥î FAILED: LAZY_DENY_OVERWRITE
   Error: [LAZY_DENY_OVERWRITE] Nested object reference not preserved with mutateExisting

≡ƒôï Testing configuration: EAGER_HOT_RELOAD
   Config: {   "dir": "../api_tests/api_test",   "lazy": false,   "hotReload": true,   "debug": false }
[slothlet] Overwriting existing function at API path "deep" final key "deep" with a new function.
   Γ¥î FAILED: EAGER_HOT_RELOAD
   Error: [EAGER_HOT_RELOAD] Nested object reference not preserved with mutateExisting

≡ƒôï Testing configuration: LAZY_HOT_RELOAD
   Config: {   "dir": "../api_tests/api_test",   "lazy": true,   "hotReload": true,   "debug": false }
[slothlet] Overwriting existing function at API path "deep" final key "deep" with a new function.
   Γ¥î FAILED: LAZY_HOT_RELOAD
   Error: [LAZY_HOT_RELOAD] Nested object reference not preserved with mutateExisting

≡ƒôï Testing configuration: EAGER_DEPTH_1
   Config: {   "dir": "../api_tests/api_test",   "lazy": false,   "apiDepth": 1,   "debug": false,   "hotReload": true }
[slothlet] Overwriting existing function at API path "deep" final key "deep" with a new function.
   Γ¥î FAILED: EAGER_DEPTH_1
   Error: [EAGER_DEPTH_1] Nested object reference not preserved with mutateExisting

≡ƒôï Testing configuration: LAZY_DEPTH_1
   Config: {   "dir": "../api_tests/api_test",   "lazy": true,   "apiDepth": 1,   "debug": false,   "hotReload": true }
[slothlet] Overwriting existing function at API path "deep" final key "deep" with a new function.
   Γ¥î FAILED: LAZY_DEPTH_1
   Error: [LAZY_DEPTH_1] Nested object reference not preserved with mutateExisting

≡ƒôï Testing configuration: EAGER_DEPTH_3
   Config: {   "dir": "../api_tests/api_test",   "lazy": false,   "apiDepth": 3,   "debug": false,   "hotReload": true }
[slothlet] Overwriting existing function at API path "deep" final key "deep" with a new function.
   Γ¥î FAILED: EAGER_DEPTH_3
   Error: [EAGER_DEPTH_3] Nested object reference not preserved with mutateExisting

≡ƒôï Testing configuration: LAZY_DEPTH_3
   Config: {   "dir": "../api_tests/api_test",   "lazy": true,   "apiDepth": 3,   "debug": false,   "hotReload": true }
[slothlet] Overwriting existing function at API path "deep" final key "deep" with a new function.
   Γ¥î FAILED: LAZY_DEPTH_3
   Error: [LAZY_DEPTH_3] Nested object reference not preserved with mutateExisting

≡ƒôï Testing configuration: EAGER_MIXED
   Config: {   "dir": "../api_tests/api_test_mixed",   "lazy": false,   "debug": false,   "hotReload": true }
[slothlet] Overwriting existing function at API path "deep" final key "deep" with a new function.
   Γ¥î FAILED: EAGER_MIXED
   Error: [EAGER_MIXED] Nested object reference not preserved with mutateExisting

≡ƒôï Testing configuration: LAZY_MIXED
   Config: {   "dir": "../api_tests/api_test_mixed",   "lazy": true,   "debug": false,   "hotReload": true }
[slothlet] Overwriting existing function at API path "deep" final key "deep" with a new function.
   Γ¥î FAILED: LAZY_MIXED
   Error: [LAZY_MIXED] Nested object reference not preserved with mutateExisting

≡ƒôï Testing configuration: LAZY_ALL_FEATURES
   Config: {   "dir": "../api_tests/api_test",   "lazy": true,   "allowApiOverwrite": false,   "apiDepth": 5,   "debug": false,   "hotReload": true }
[slothlet] Skipping addApi: API path "deep" final key "deep" already exists (type: "function"). Set allowApiOverwrite: true to allow overwrites, or use forceOverwrite option.
   Γ¥î FAILED: LAZY_ALL_FEATURES
   Error: [LAZY_ALL_FEATURES] Nested object reference not preserved with mutateExisting

≡ƒôï Testing configuration: EAGER_ALL_FEATURES
   Config: {   "dir": "../api_tests/api_test",   "lazy": false,   "allowApiOverwrite": false,   "apiDepth": 5,   "debug": false,   "hotReload": true }
[slothlet] Skipping addApi: API path "deep" final key "deep" already exists (type: "function"). Set allowApiOverwrite: true to allow overwrites, or use forceOverwrite option.
   Γ£à PASSED: EAGER_ALL_FEATURES

≡ƒôè Test 21: mutateExisting preserves deeply nested references Summary:
   Total: 16
   Passed: 2
   Failed: 14
   Success Rate: 12.5%

≡ƒöì Failures:
   - EAGER_BASIC: [EAGER_BASIC] Nested object reference not preserved with mutateExisting
   - LAZY_BASIC: [LAZY_BASIC] Nested object reference not preserved with mutateExisting
   - EAGER_ALLOW_OVERWRITE: [EAGER_ALLOW_OVERWRITE] Nested object reference not preserved with mutateExisting
   - LAZY_ALLOW_OVERWRITE: [LAZY_ALLOW_OVERWRITE] Nested object reference not preserved with mutateExisting
   - LAZY_DENY_OVERWRITE: [LAZY_DENY_OVERWRITE] Nested object reference not preserved with mutateExisting
   - EAGER_HOT_RELOAD: [EAGER_HOT_RELOAD] Nested object reference not preserved with mutateExisting
   - LAZY_HOT_RELOAD: [LAZY_HOT_RELOAD] Nested object reference not preserved with mutateExisting
   - EAGER_DEPTH_1: [EAGER_DEPTH_1] Nested object reference not preserved with mutateExisting
   - LAZY_DEPTH_1: [LAZY_DEPTH_1] Nested object reference not preserved with mutateExisting

Γ¥î 4 test(s) failed out of 20 total

   - EAGER_DEPTH_3: [EAGER_DEPTH_3] Nested object reference not preserved with mutateExisting
   - LAZY_DEPTH_3: [LAZY_DEPTH_3] Nested object reference not preserved with mutateExisting
   - EAGER_MIXED: [EAGER_MIXED] Nested object reference not preserved with mutateExisting
   - LAZY_MIXED: [LAZY_MIXED] Nested object reference not preserved with mutateExisting
   - LAZY_ALL_FEATURES: [LAZY_ALL_FEATURES] Nested object reference not preserved with mutateExisting

=== All Hot Reload Tests Complete ===

