
=== Hot Reload Test Suite ===


≡ƒº¬ Running Test 1: Basic reload across 16 configurations...

≡ƒôï Testing configuration: EAGER_BASIC
   Config: {   "dir": "../api_tests/api_test",   "lazy": false,   "debug": false,   "hotReload": true }
   Γ£à PASSED: EAGER_BASIC

≡ƒôï Testing configuration: LAZY_BASIC
   Config: {   "dir": "../api_tests/api_test",   "lazy": true,   "debug": false,   "hotReload": true }
   Γ£à PASSED: LAZY_BASIC

≡ƒôï Testing configuration: EAGER_ALLOW_OVERWRITE
   Config: {   "dir": "../api_tests/api_test",   "lazy": false,   "allowApiOverwrite": true,   "debug": false,   "hotReload": true }
   Γ£à PASSED: EAGER_ALLOW_OVERWRITE

≡ƒôï Testing configuration: LAZY_ALLOW_OVERWRITE
   Config: {   "dir": "../api_tests/api_test",   "lazy": true,   "allowApiOverwrite": true,   "debug": false,   "hotReload": true }
   Γ£à PASSED: LAZY_ALLOW_OVERWRITE

≡ƒôï Testing configuration: EAGER_DENY_OVERWRITE
   Config: {   "dir": "../api_tests/api_test",   "lazy": false,   "allowApiOverwrite": false,   "debug": false,   "hotReload": true }
   Γ£à PASSED: EAGER_DENY_OVERWRITE

≡ƒôï Testing configuration: LAZY_DENY_OVERWRITE
   Config: {   "dir": "../api_tests/api_test",   "lazy": true,   "allowApiOverwrite": false,   "debug": false,   "hotReload": true }
   Γ£à PASSED: LAZY_DENY_OVERWRITE

≡ƒôï Testing configuration: EAGER_HOT_RELOAD
   Config: {   "dir": "../api_tests/api_test",   "lazy": false,   "hotReload": true,   "debug": false }
   Γ£à PASSED: EAGER_HOT_RELOAD

≡ƒôï Testing configuration: LAZY_HOT_RELOAD
   Config: {   "dir": "../api_tests/api_test",   "lazy": true,   "hotReload": true,   "debug": false }
   Γ£à PASSED: LAZY_HOT_RELOAD

≡ƒôï Testing configuration: EAGER_DEPTH_1
   Config: {   "dir": "../api_tests/api_test",   "lazy": false,   "apiDepth": 1,   "debug": false,   "hotReload": true }
   Γ£à PASSED: EAGER_DEPTH_1

≡ƒôï Testing configuration: LAZY_DEPTH_1
   Config: {   "dir": "../api_tests/api_test",   "lazy": true,   "apiDepth": 1,   "debug": false,   "hotReload": true }
   Γ£à PASSED: LAZY_DEPTH_1

≡ƒôï Testing configuration: EAGER_DEPTH_3
   Config: {   "dir": "../api_tests/api_test",   "lazy": false,   "apiDepth": 3,   "debug": false,   "hotReload": true }
   Γ£à PASSED: EAGER_DEPTH_3

≡ƒôï Testing configuration: LAZY_DEPTH_3
   Config: {   "dir": "../api_tests/api_test",   "lazy": true,   "apiDepth": 3,   "debug": false,   "hotReload": true }
   Γ£à PASSED: LAZY_DEPTH_3

≡ƒôï Testing configuration: EAGER_MIXED
   Config: {   "dir": "../api_tests/api_test_mixed",   "lazy": false,   "debug": false,   "hotReload": true }
   Γ£à PASSED: EAGER_MIXED

≡ƒôï Testing configuration: LAZY_MIXED
   Config: {   "dir": "../api_tests/api_test_mixed",   "lazy": true,   "debug": false,   "hotReload": true }
   Γ£à PASSED: LAZY_MIXED

≡ƒôï Testing configuration: LAZY_ALL_FEATURES
   Config: {   "dir": "../api_tests/api_test",   "lazy": true,   "allowApiOverwrite": false,   "apiDepth": 5,   "debug": false,   "hotReload": true }
   Γ£à PASSED: LAZY_ALL_FEATURES

≡ƒôï Testing configuration: EAGER_ALL_FEATURES
   Config: {   "dir": "../api_tests/api_test",   "lazy": false,   "allowApiOverwrite": false,   "apiDepth": 5,   "debug": false,   "hotReload": true }
   Γ£à PASSED: EAGER_ALL_FEATURES

≡ƒôè Test 1: Basic reload Summary:
   Total: 16
   Passed: 16
   Failed: 0
   Success Rate: 100.0%

≡ƒº¬ Running Test 2: Reload with addApi (with moduleId) across 16 configurations...

≡ƒôï Testing configuration: EAGER_BASIC
   Config: {   "dir": "../api_tests/api_test",   "lazy": false,   "debug": false,   "hotReload": true }
   Γ£à PASSED: EAGER_BASIC

≡ƒôï Testing configuration: LAZY_BASIC
   Config: {   "dir": "../api_tests/api_test",   "lazy": true,   "debug": false,   "hotReload": true }
   Γ£à PASSED: LAZY_BASIC

≡ƒôï Testing configuration: EAGER_ALLOW_OVERWRITE
   Config: {   "dir": "../api_tests/api_test",   "lazy": false,   "allowApiOverwrite": true,   "debug": false,   "hotReload": true }
   Γ£à PASSED: EAGER_ALLOW_OVERWRITE

≡ƒôï Testing configuration: LAZY_ALLOW_OVERWRITE
   Config: {   "dir": "../api_tests/api_test",   "lazy": true,   "allowApiOverwrite": true,   "debug": false,   "hotReload": true }
   Γ£à PASSED: LAZY_ALLOW_OVERWRITE

≡ƒôï Testing configuration: EAGER_DENY_OVERWRITE
   Config: {   "dir": "../api_tests/api_test",   "lazy": false,   "allowApiOverwrite": false,   "debug": false,   "hotReload": true }
   Γ£à PASSED: EAGER_DENY_OVERWRITE

≡ƒôï Testing configuration: LAZY_DENY_OVERWRITE
   Config: {   "dir": "../api_tests/api_test",   "lazy": true,   "allowApiOverwrite": false,   "debug": false,   "hotReload": true }
   Γ£à PASSED: LAZY_DENY_OVERWRITE

≡ƒôï Testing configuration: EAGER_HOT_RELOAD
   Config: {   "dir": "../api_tests/api_test",   "lazy": false,   "hotReload": true,   "debug": false }
   Γ£à PASSED: EAGER_HOT_RELOAD

≡ƒôï Testing configuration: LAZY_HOT_RELOAD
   Config: {   "dir": "../api_tests/api_test",   "lazy": true,   "hotReload": true,   "debug": false }
   Γ£à PASSED: LAZY_HOT_RELOAD

≡ƒôï Testing configuration: EAGER_DEPTH_1
   Config: {   "dir": "../api_tests/api_test",   "lazy": false,   "apiDepth": 1,   "debug": false,   "hotReload": true }
   Γ£à PASSED: EAGER_DEPTH_1

≡ƒôï Testing configuration: LAZY_DEPTH_1
   Config: {   "dir": "../api_tests/api_test",   "lazy": true,   "apiDepth": 1,   "debug": false,   "hotReload": true }
   Γ£à PASSED: LAZY_DEPTH_1

≡ƒôï Testing configuration: EAGER_DEPTH_3
   Config: {   "dir": "../api_tests/api_test",   "lazy": false,   "apiDepth": 3,   "debug": false,   "hotReload": true }
   Γ£à PASSED: EAGER_DEPTH_3

≡ƒôï Testing configuration: LAZY_DEPTH_3
   Config: {   "dir": "../api_tests/api_test",   "lazy": true,   "apiDepth": 3,   "debug": false,   "hotReload": true }
   Γ£à PASSED: LAZY_DEPTH_3

≡ƒôï Testing configuration: EAGER_MIXED
   Config: {   "dir": "../api_tests/api_test_mixed",   "lazy": false,   "debug": false,   "hotReload": true }
   Γ£à PASSED: EAGER_MIXED

≡ƒôï Testing configuration: LAZY_MIXED
   Config: {   "dir": "../api_tests/api_test_mixed",   "lazy": true,   "debug": false,   "hotReload": true }
   Γ£à PASSED: LAZY_MIXED

≡ƒôï Testing configuration: LAZY_ALL_FEATURES
   Config: {   "dir": "../api_tests/api_test",   "lazy": true,   "allowApiOverwrite": false,   "apiDepth": 5,   "debug": false,   "hotReload": true }
   Γ£à PASSED: LAZY_ALL_FEATURES

≡ƒôï Testing configuration: EAGER_ALL_FEATURES
   Config: {   "dir": "../api_tests/api_test",   "lazy": false,   "allowApiOverwrite": false,   "apiDepth": 5,   "debug": false,   "hotReload": true }
   Γ£à PASSED: EAGER_ALL_FEATURES

≡ƒôè Test 2: Reload with addApi (with moduleId) Summary:
   Total: 16
   Passed: 16
   Failed: 0
   Success Rate: 100.0%

≡ƒº¬ Running Test 3: Reload with addApi (without moduleId) across 16 configurations...

≡ƒôï Testing configuration: EAGER_BASIC
   Config: {   "dir": "../api_tests/api_test",   "lazy": false,   "debug": false,   "hotReload": true }
   Γ£à PASSED: EAGER_BASIC

≡ƒôï Testing configuration: LAZY_BASIC
   Config: {   "dir": "../api_tests/api_test",   "lazy": true,   "debug": false,   "hotReload": true }
   Γ£à PASSED: LAZY_BASIC

≡ƒôï Testing configuration: EAGER_ALLOW_OVERWRITE
   Config: {   "dir": "../api_tests/api_test",   "lazy": false,   "allowApiOverwrite": true,   "debug": false,   "hotReload": true }
   Γ£à PASSED: EAGER_ALLOW_OVERWRITE

≡ƒôï Testing configuration: LAZY_ALLOW_OVERWRITE
   Config: {   "dir": "../api_tests/api_test",   "lazy": true,   "allowApiOverwrite": true,   "debug": false,   "hotReload": true }
   Γ£à PASSED: LAZY_ALLOW_OVERWRITE

≡ƒôï Testing configuration: EAGER_DENY_OVERWRITE
   Config: {   "dir": "../api_tests/api_test",   "lazy": false,   "allowApiOverwrite": false,   "debug": false,   "hotReload": true }
   Γ£à PASSED: EAGER_DENY_OVERWRITE

≡ƒôï Testing configuration: LAZY_DENY_OVERWRITE
   Config: {   "dir": "../api_tests/api_test",   "lazy": true,   "allowApiOverwrite": false,   "debug": false,   "hotReload": true }
   Γ£à PASSED: LAZY_DENY_OVERWRITE

≡ƒôï Testing configuration: EAGER_HOT_RELOAD
   Config: {   "dir": "../api_tests/api_test",   "lazy": false,   "hotReload": true,   "debug": false }
   Γ£à PASSED: EAGER_HOT_RELOAD

≡ƒôï Testing configuration: LAZY_HOT_RELOAD
   Config: {   "dir": "../api_tests/api_test",   "lazy": true,   "hotReload": true,   "debug": false }
   Γ£à PASSED: LAZY_HOT_RELOAD

≡ƒôï Testing configuration: EAGER_DEPTH_1
   Config: {   "dir": "../api_tests/api_test",   "lazy": false,   "apiDepth": 1,   "debug": false,   "hotReload": true }
   Γ£à PASSED: EAGER_DEPTH_1

≡ƒôï Testing configuration: LAZY_DEPTH_1
   Config: {   "dir": "../api_tests/api_test",   "lazy": true,   "apiDepth": 1,   "debug": false,   "hotReload": true }
   Γ£à PASSED: LAZY_DEPTH_1

≡ƒôï Testing configuration: EAGER_DEPTH_3
   Config: {   "dir": "../api_tests/api_test",   "lazy": false,   "apiDepth": 3,   "debug": false,   "hotReload": true }
   Γ£à PASSED: EAGER_DEPTH_3

≡ƒôï Testing configuration: LAZY_DEPTH_3
   Config: {   "dir": "../api_tests/api_test",   "lazy": true,   "apiDepth": 3,   "debug": false,   "hotReload": true }
   Γ£à PASSED: LAZY_DEPTH_3

≡ƒôï Testing configuration: EAGER_MIXED
   Config: {   "dir": "../api_tests/api_test_mixed",   "lazy": false,   "debug": false,   "hotReload": true }
   Γ£à PASSED: EAGER_MIXED

≡ƒôï Testing configuration: LAZY_MIXED
   Config: {   "dir": "../api_tests/api_test_mixed",   "lazy": true,   "debug": false,   "hotReload": true }
   Γ£à PASSED: LAZY_MIXED

≡ƒôï Testing configuration: LAZY_ALL_FEATURES
   Config: {   "dir": "../api_tests/api_test",   "lazy": true,   "allowApiOverwrite": false,   "apiDepth": 5,   "debug": false,   "hotReload": true }
   Γ£à PASSED: LAZY_ALL_FEATURES

≡ƒôï Testing configuration: EAGER_ALL_FEATURES
   Config: {   "dir": "../api_tests/api_test",   "lazy": false,   "allowApiOverwrite": false,   "apiDepth": 5,   "debug": false,   "hotReload": true }
   Γ£à PASSED: EAGER_ALL_FEATURES

≡ƒôè Test 3: Reload with addApi (without moduleId) Summary:
   Total: 16
   Passed: 16
   Failed: 0
   Success Rate: 100.0%

≡ƒº¬ Running Test 4: Reload with removeApi across 16 configurations...

≡ƒôï Testing configuration: EAGER_BASIC
   Config: {   "dir": "../api_tests/api_test",   "lazy": false,   "debug": false,   "hotReload": true }
   Γ£à PASSED: EAGER_BASIC

≡ƒôï Testing configuration: LAZY_BASIC
   Config: {   "dir": "../api_tests/api_test",   "lazy": true,   "debug": false,   "hotReload": true }
   Γ£à PASSED: LAZY_BASIC

≡ƒôï Testing configuration: EAGER_ALLOW_OVERWRITE
   Config: {   "dir": "../api_tests/api_test",   "lazy": false,   "allowApiOverwrite": true,   "debug": false,   "hotReload": true }
   Γ£à PASSED: EAGER_ALLOW_OVERWRITE

≡ƒôï Testing configuration: LAZY_ALLOW_OVERWRITE
   Config: {   "dir": "../api_tests/api_test",   "lazy": true,   "allowApiOverwrite": true,   "debug": false,   "hotReload": true }
   Γ£à PASSED: LAZY_ALLOW_OVERWRITE

≡ƒôï Testing configuration: EAGER_DENY_OVERWRITE
   Config: {   "dir": "../api_tests/api_test",   "lazy": false,   "allowApiOverwrite": false,   "debug": false,   "hotReload": true }
   Γ£à PASSED: EAGER_DENY_OVERWRITE

≡ƒôï Testing configuration: LAZY_DENY_OVERWRITE
   Config: {   "dir": "../api_tests/api_test",   "lazy": true,   "allowApiOverwrite": false,   "debug": false,   "hotReload": true }
   Γ£à PASSED: LAZY_DENY_OVERWRITE

≡ƒôï Testing configuration: EAGER_HOT_RELOAD
   Config: {   "dir": "../api_tests/api_test",   "lazy": false,   "hotReload": true,   "debug": false }
   Γ£à PASSED: EAGER_HOT_RELOAD

≡ƒôï Testing configuration: LAZY_HOT_RELOAD
   Config: {   "dir": "../api_tests/api_test",   "lazy": true,   "hotReload": true,   "debug": false }
   Γ£à PASSED: LAZY_HOT_RELOAD

≡ƒôï Testing configuration: EAGER_DEPTH_1
   Config: {   "dir": "../api_tests/api_test",   "lazy": false,   "apiDepth": 1,   "debug": false,   "hotReload": true }
   Γ£à PASSED: EAGER_DEPTH_1

≡ƒôï Testing configuration: LAZY_DEPTH_1
   Config: {   "dir": "../api_tests/api_test",   "lazy": true,   "apiDepth": 1,   "debug": false,   "hotReload": true }
   Γ£à PASSED: LAZY_DEPTH_1

≡ƒôï Testing configuration: EAGER_DEPTH_3
   Config: {   "dir": "../api_tests/api_test",   "lazy": false,   "apiDepth": 3,   "debug": false,   "hotReload": true }
   Γ£à PASSED: EAGER_DEPTH_3

≡ƒôï Testing configuration: LAZY_DEPTH_3
   Config: {   "dir": "../api_tests/api_test",   "lazy": true,   "apiDepth": 3,   "debug": false,   "hotReload": true }
   Γ£à PASSED: LAZY_DEPTH_3

≡ƒôï Testing configuration: EAGER_MIXED
   Config: {   "dir": "../api_tests/api_test_mixed",   "lazy": false,   "debug": false,   "hotReload": true }
   Γ£à PASSED: EAGER_MIXED

≡ƒôï Testing configuration: LAZY_MIXED
   Config: {   "dir": "../api_tests/api_test_mixed",   "lazy": true,   "debug": false,   "hotReload": true }
   Γ£à PASSED: LAZY_MIXED

≡ƒôï Testing configuration: LAZY_ALL_FEATURES
   Config: {   "dir": "../api_tests/api_test",   "lazy": true,   "allowApiOverwrite": false,   "apiDepth": 5,   "debug": false,   "hotReload": true }
   Γ£à PASSED: LAZY_ALL_FEATURES

≡ƒôï Testing configuration: EAGER_ALL_FEATURES
   Config: {   "dir": "../api_tests/api_test",   "lazy": false,   "allowApiOverwrite": false,   "apiDepth": 5,   "debug": false,   "hotReload": true }
   Γ£à PASSED: EAGER_ALL_FEATURES

≡ƒôè Test 4: Reload with removeApi Summary:
   Total: 16
   Passed: 16
   Failed: 0
   Success Rate: 100.0%

≡ƒº¬ Running Test 5: Reference preservation across 16 configurations...

≡ƒôï Testing configuration: EAGER_BASIC
   Config: {   "dir": "../api_tests/api_test",   "lazy": false,   "debug": false,   "hotReload": true }
   Γ£à PASSED: EAGER_BASIC

≡ƒôï Testing configuration: LAZY_BASIC
   Config: {   "dir": "../api_tests/api_test",   "lazy": true,   "debug": false,   "hotReload": true }
   Γ£à PASSED: LAZY_BASIC

≡ƒôï Testing configuration: EAGER_ALLOW_OVERWRITE
   Config: {   "dir": "../api_tests/api_test",   "lazy": false,   "allowApiOverwrite": true,   "debug": false,   "hotReload": true }
   Γ£à PASSED: EAGER_ALLOW_OVERWRITE

≡ƒôï Testing configuration: LAZY_ALLOW_OVERWRITE
   Config: {   "dir": "../api_tests/api_test",   "lazy": true,   "allowApiOverwrite": true,   "debug": false,   "hotReload": true }
   Γ£à PASSED: LAZY_ALLOW_OVERWRITE

≡ƒôï Testing configuration: EAGER_DENY_OVERWRITE
   Config: {   "dir": "../api_tests/api_test",   "lazy": false,   "allowApiOverwrite": false,   "debug": false,   "hotReload": true }
   Γ£à PASSED: EAGER_DENY_OVERWRITE

≡ƒôï Testing configuration: LAZY_DENY_OVERWRITE
   Config: {   "dir": "../api_tests/api_test",   "lazy": true,   "allowApiOverwrite": false,   "debug": false,   "hotReload": true }
   Γ£à PASSED: LAZY_DENY_OVERWRITE

≡ƒôï Testing configuration: EAGER_HOT_RELOAD
   Config: {   "dir": "../api_tests/api_test",   "lazy": false,   "hotReload": true,   "debug": false }
   Γ£à PASSED: EAGER_HOT_RELOAD

≡ƒôï Testing configuration: LAZY_HOT_RELOAD
   Config: {   "dir": "../api_tests/api_test",   "lazy": true,   "hotReload": true,   "debug": false }
   Γ£à PASSED: LAZY_HOT_RELOAD

≡ƒôï Testing configuration: EAGER_DEPTH_1
   Config: {   "dir": "../api_tests/api_test",   "lazy": false,   "apiDepth": 1,   "debug": false,   "hotReload": true }
   Γ£à PASSED: EAGER_DEPTH_1

≡ƒôï Testing configuration: LAZY_DEPTH_1
   Config: {   "dir": "../api_tests/api_test",   "lazy": true,   "apiDepth": 1,   "debug": false,   "hotReload": true }
   Γ£à PASSED: LAZY_DEPTH_1

≡ƒôï Testing configuration: EAGER_DEPTH_3
   Config: {   "dir": "../api_tests/api_test",   "lazy": false,   "apiDepth": 3,   "debug": false,   "hotReload": true }
   Γ£à PASSED: EAGER_DEPTH_3

≡ƒôï Testing configuration: LAZY_DEPTH_3
   Config: {   "dir": "../api_tests/api_test",   "lazy": true,   "apiDepth": 3,   "debug": false,   "hotReload": true }
   Γ£à PASSED: LAZY_DEPTH_3

≡ƒôï Testing configuration: EAGER_MIXED
   Config: {   "dir": "../api_tests/api_test_mixed",   "lazy": false,   "debug": false,   "hotReload": true }
   Γ£à PASSED: EAGER_MIXED

≡ƒôï Testing configuration: LAZY_MIXED
   Config: {   "dir": "../api_tests/api_test_mixed",   "lazy": true,   "debug": false,   "hotReload": true }
   Γ£à PASSED: LAZY_MIXED

≡ƒôï Testing configuration: LAZY_ALL_FEATURES
   Config: {   "dir": "../api_tests/api_test",   "lazy": true,   "allowApiOverwrite": false,   "apiDepth": 5,   "debug": false,   "hotReload": true }
   Γ£à PASSED: LAZY_ALL_FEATURES

≡ƒôï Testing configuration: EAGER_ALL_FEATURES
   Config: {   "dir": "../api_tests/api_test",   "lazy": false,   "allowApiOverwrite": false,   "apiDepth": 5,   "debug": false,   "hotReload": true }
   Γ£à PASSED: EAGER_ALL_FEATURES

≡ƒôè Test 5: Reference preservation Summary:
   Total: 16
   Passed: 16
   Failed: 0
   Success Rate: 100.0%

≡ƒôï Test 6: reload() not available when hotReload disabled
   Γ¥î FAILED: reload() should not be available when hotReload is disabled
